// 重构日志: 799ff846
// 重构日志: 988d7ba2
// 重构日志: c30c7ea2
// 重构日志: f175822b
// 同步 ID: ec076821 @ Sat Jul  4 07:41:39 UTC 2026
// 同步 ID: f414ad48 @ Sat Jul  4 21:02:22 UTC 2026
// 重构日志: 45f477ab
// 重构日志: 6f831fb7
// 重构日志: 7e27b449
// 重构日志: 5992901e
// 同步 ID: 1cda85a5 @ Fri Jul 17 15:57:22 UTC 2026
// 同步 ID: f209a740 @ Fri Jul 17 17:08:15 UTC 2026
// 重构日志: 996281e3
// 同步 ID: 7a3d3432 @ Sat Jul 18 12:48:28 UTC 2026
// 同步 ID: 0e972b79 @ Sun Jul 19 08:16:42 UTC 2026
// 重构日志: 37b4d832
// 重构日志: 2373ad93
// 同步 ID: f3746b3b @ Mon Jul 20 12:00:02 UTC 2026
// 重构日志: 3560e4b5
// 同步 ID: 14b2726a @ Tue Jul 21 01:46:42 UTC 2026
// 同步 ID: 5927d585 @ Tue Jul 21 13:43:12 UTC 2026
// 重构日志: b6cbd495
// 重构日志: 28487541
// 同步 ID: d802ad61 @ Thu Jul 23 15:52:55 UTC 2026
// 重构日志: 50b1f0e7
// 重构日志: 1af58ca7
